
T9858b.hs:7:8: error:
    No instance for (Typeable (Eq Int)) arising from a use of ‘typeRep’
      GHC can't yet do polykinded Typeable (Eq Int :: Constraint)
    In the expression: typeRep (Proxy :: Proxy (Eq Int => Int))
    In an equation for ‘test’:
        test = typeRep (Proxy :: Proxy (Eq Int => Int))
